// Jest Snapshot v1, https://goo.gl/fbAQLP

exports[`<Footer /> renders the <Footer /> with populated data 1`] = `
<div
  class="footer__Container-sc-1nzqsk8-0 EDOOV"
>
  <p
    class="footer__Title-sc-1nzqsk8-4 bClTbE"
  >
    Questions? Contact us.
  </p>
  <div
    class="footer__Break-sc-1nzqsk8-6 dAMhBH"
  />
  <div
    class="footer__Row-sc-1nzqsk8-2 dOZBbS"
  >
    <div
      class="footer__Column-sc-1nzqsk8-1 kSrgRV"
    >
      <a
        class="footer__Link-sc-1nzqsk8-3 eiFmTB"
        href="#"
      >
        FAQ
      </a>
      <a
        class="footer__Link-sc-1nzqsk8-3 eiFmTB"
        href="#"
      >
        Investor Relations
      </a>
      <a
        class="footer__Link-sc-1nzqsk8-3 eiFmTB"
        href="#"
      >
        Ways to Watch
      </a>
      <a
        class="footer__Link-sc-1nzqsk8-3 eiFmTB"
        href="#"
      >
        Corporate Information
      </a>
      <a
        class="footer__Link-sc-1nzqsk8-3 eiFmTB"
        href="#"
      >
        Netflix Originals
      </a>
    </div>
    <div
      class="footer__Column-sc-1nzqsk8-1 kSrgRV"
    >
      <a
        class="footer__Link-sc-1nzqsk8-3 eiFmTB"
        href="#"
      >
        Help Centre
      </a>
      <a
        class="footer__Link-sc-1nzqsk8-3 eiFmTB"
        href="#"
      >
        Jobs
      </a>
      <a
        class="footer__Link-sc-1nzqsk8-3 eiFmTB"
        href="#"
      >
        Terms of Use
      </a>
      <a
        class="footer__Link-sc-1nzqsk8-3 eiFmTB"
        href="#"
      >
        Contact Us
      </a>
    </div>
    <div
      class="footer__Column-sc-1nzqsk8-1 kSrgRV"
    >
      <a
        class="footer__Link-sc-1nzqsk8-3 eiFmTB"
        href="#"
      >
        Account
      </a>
      <a
        class="footer__Link-sc-1nzqsk8-3 eiFmTB"
        href="#"
      >
        Redeem gift cards
      </a>
      <a
        class="footer__Link-sc-1nzqsk8-3 eiFmTB"
        href="#"
      >
        Privacy
      </a>
      <a
        class="footer__Link-sc-1nzqsk8-3 eiFmTB"
        href="#"
      >
        Speed Test
      </a>
    </div>
    <div
      class="footer__Column-sc-1nzqsk8-1 kSrgRV"
    >
      <a
        class="footer__Link-sc-1nzqsk8-3 eiFmTB"
        href="#"
      >
        Media Centre
      </a>
      <a
        class="footer__Link-sc-1nzqsk8-3 eiFmTB"
        href="#"
      >
        Buy gift cards
      </a>
      <a
        class="footer__Link-sc-1nzqsk8-3 eiFmTB"
        href="#"
      >
        Cookie Preferences
      </a>
      <a
        class="footer__Link-sc-1nzqsk8-3 eiFmTB"
        href="#"
      >
        Legal Notices
      </a>
    </div>
  </div>
  <div
    class="footer__Break-sc-1nzqsk8-6 dAMhBH"
  />
  <p
    class="footer__Text-sc-1nzqsk8-5 koMjdp"
  >
    Netflix Poland
  </p>
</div>
`;
